---
source: crates/maki-core/src/cst/formatter_insta_tests.rs
assertion_line: 41
expression: formatted
---
Profile: Test
Parent: Patient

*  = "1.0.0"
*  = "active"
*  1..1
