---
source: crates/maki-core/src/cst/formatter_insta_tests.rs
expression: formatted
---
Profile: Test
Parent: Patient

* identifier 1..* MS
* name 1..1 MS
* gender 1..1
