---
source: crates/maki-core/src/cst/formatter_insta_tests.rs
expression: formatted
---
Profile: USCorePatientProfile
Parent: Patient
Id: us-core-patient
Title: "US Core Patient Profile"
Description: "Defines constraints and extensions on the Patient resource for the minimal set of data to query and retrieve patient demographic information."

* ^version = "5.0.0"
* ^status = "active"
* ^abstract = false
* ^date = "2022-04-20"
* ^publisher = "HL7 International - Cross-Group Projects"
* ^contact.telecom.system = "url"
* ^contact.telecom.value = "http://www.hl7.org/Special/committees/cgp"
