---
source: crates/maki-rules/tests/gritql_full_integration_test.rs
expression: result.unwrap()
---
Not:
  NodeKind: profile
